2026-09-09 11:38:03 Nessun .normalizeignore trovato, uso esclusioni di default (5 pattern)
2026-09-09 11:38:03 Starting map.json update process (Read-Only Filesystem Mode)...
2026-09-09 11:38:04 Detected .md/.pdf file changes in work tree:
2026-09-09 11:38:04   
2026-09-09 11:38:04 No existing map.json found, creating new one
2026-09-09 11:38:04 First pass: Scanning filesystem...
2026-09-09 11:38:04 New file found: 'città.md' -> 'Città'
2026-09-09 11:38:04 New file found: 'boss.md' -> 'Boss'
2026-09-09 11:38:04 New file found: 'boss.pdf' -> 'Boss'
2026-09-09 11:38:04 New file found: 'originale.md' -> 'Originale'
2026-09-09 11:38:04 New directory found: 'originale' -> 'Originale'
2026-09-09 11:38:05 New file found: 'sequel.md' -> 'Sequel'
2026-09-09 11:38:05 New directory found: 'sequel' -> 'Sequel'
2026-09-09 11:38:05 New directory found: 'aracockra' -> 'Aracockra'
2026-09-09 11:38:05 New file found: 'barbaro-berserker-dettagli.md' -> 'Barbaro Berserker Dettagli'
2026-09-09 11:38:05 New file found: 'barbaro-berserker-dettagli.pdf' -> 'Barbaro Berserker Dettagli'
2026-09-09 11:38:05 New file found: 'barbaro-berserker.pdf' -> 'Barbaro Berserker'
2026-09-09 11:38:05 New directory found: 'barbaro-berserker' -> 'Barbaro Berserker'
2026-09-09 11:38:05 New file found: 'barbaro-magia-selvaggia-gas-dettagli.md' -> 'Barbaro Magia Selvaggia Gas Dettagli'
2026-09-09 11:38:05 New file found: 'barbaro-magia-selvaggia-gas-dettagli.pdf' -> 'Barbaro Magia Selvaggia Gas Dettagli'
2026-09-09 11:38:05 New file found: 'barbaro-magia-selvaggia-gas.pdf' -> 'Barbaro Magia Selvaggia Gas'
2026-09-09 11:38:05 New directory found: 'barbaro-magia-selvaggia-gas' -> 'Barbaro Magia Selvaggia Gas'
2026-09-09 11:38:05 New file found: 'barbaro-magia-selvaggia-scintilla-dettagli.md' -> 'Barbaro Magia Selvaggia Scintilla Dettagli'
2026-09-09 11:38:05 New file found: 'barbaro-magia-selvaggia-scintilla-dettagli.pdf' -> 'Barbaro Magia Selvaggia Scintilla Dettagli'
2026-09-09 11:38:05 New file found: 'barbaro-magia-selvaggia-scintilla.pdf' -> 'Barbaro Magia Selvaggia Scintilla'
2026-09-09 11:38:05 New directory found: 'barbaro-magia-selvaggia-scintilla' -> 'Barbaro Magia Selvaggia Scintilla'
2026-09-09 11:38:05 New file found: 'boss.md' -> 'Boss'
2026-09-09 11:38:05 New file found: 'druido-draconico-dettagli.md' -> 'Druido Draconico Dettagli'
2026-09-09 11:38:05 New file found: 'druido-draconico-dettagli.pdf' -> 'Druido Draconico Dettagli'
2026-09-09 11:38:05 New file found: 'druido-draconico.pdf' -> 'Druido Draconico'
2026-09-09 11:38:06 New directory found: 'druido-draconico' -> 'Druido Draconico'
2026-09-09 11:38:06 New file found: 'guerriero-campione-dettagli.md' -> 'Guerriero Campione Dettagli'
2026-09-09 11:38:06 New file found: 'guerriero-campione-dettagli.pdf' -> 'Guerriero Campione Dettagli'
2026-09-09 11:38:06 New file found: 'guerriero-campione.pdf' -> 'Guerriero Campione'
2026-09-09 11:38:06 New directory found: 'guerriero-campione' -> 'Guerriero Campione'
2026-09-09 11:38:06 New file found: 'ranger-cacciatore-dettagli.md' -> 'Ranger Cacciatore Dettagli'
2026-09-09 11:38:06 New file found: 'ranger-cacciatore-dettagli.pdf' -> 'Ranger Cacciatore Dettagli'
2026-09-09 11:38:06 New file found: 'ranger-cacciatore.pdf' -> 'Ranger Cacciatore'
2026-09-09 11:38:06 New directory found: 'ranger-cacciatore' -> 'Ranger Cacciatore'
2026-09-09 11:38:06 New file found: 'README.md' -> 'Readme'
2026-09-09 11:38:06 New file found: 'trama.md' -> 'Trama'
2026-09-09 11:38:06 New directory found: 'dragons' -> 'Dragons'
2026-09-09 11:38:06 New file found: 'barbaro-berserker.pdf' -> 'Barbaro Berserker'
2026-09-09 11:38:06 New file found: 'bardo-della-sapienza.pdf' -> 'Bardo Della Sapienza'
2026-09-09 11:38:06 New file found: 'chierico-della-vita.pdf' -> 'Chierico Della Vita'
2026-09-09 11:38:06 New file found: 'paladino-della-vendetta.pdf' -> 'Paladino Della Vendetta'
2026-09-09 11:38:06 New file found: 'worlock-patto-della-lama.pdf' -> 'Worlock Patto Della Lama'
2026-09-09 11:38:06 New directory found: 'editabili' -> 'Editabili'
2026-09-09 11:38:07 Directory vuota, non indicizzata: 'personaggi-prefatti-di-3/inglese/non-editabili/barbaro-berserker-(pdf.io)'
2026-09-09 11:38:07 Skipping empty directory (no .md content): 'barbaro-berserker-(pdf.io)'
2026-09-09 11:38:07 New file found: 'barbaro-berserker.pdf' -> 'Barbaro Berserker'
2026-09-09 11:38:07 Directory vuota, non indicizzata: 'personaggi-prefatti-di-3/inglese/non-editabili/bardo-della-sapienza-(pdf.io)'
2026-09-09 11:38:07 Skipping empty directory (no .md content): 'bardo-della-sapienza-(pdf.io)'
2026-09-09 11:38:07 New file found: 'bardo-della-sapienza.pdf' -> 'Bardo Della Sapienza'
2026-09-09 11:38:07 Directory vuota, non indicizzata: 'personaggi-prefatti-di-3/inglese/non-editabili/chierico-della-vita-(pdf.io)'
2026-09-09 11:38:07 Skipping empty directory (no .md content): 'chierico-della-vita-(pdf.io)'
2026-09-09 11:38:07 New file found: 'chierico-della-vita.pdf' -> 'Chierico Della Vita'
2026-09-09 11:38:07 Directory vuota, non indicizzata: 'personaggi-prefatti-di-3/inglese/non-editabili/paladino-della-vendetta-(pdf.io)'
2026-09-09 11:38:07 Skipping empty directory (no .md content): 'paladino-della-vendetta-(pdf.io)'
2026-09-09 11:38:07 New file found: 'paladino-della-vendetta.pdf' -> 'Paladino Della Vendetta'
2026-09-09 11:38:07 Directory vuota, non indicizzata: 'personaggi-prefatti-di-3/inglese/non-editabili/worlock-patto-della-lama-(pdf.io)'
2026-09-09 11:38:07 Skipping empty directory (no .md content): 'worlock-patto-della-lama-(pdf.io)'
2026-09-09 11:38:07 New file found: 'worlock-patto-della-lama.pdf' -> 'Worlock Patto Della Lama'
2026-09-09 11:38:07 New directory found: 'non-editabili' -> 'Non Editabili'
2026-09-09 11:38:07 New directory found: 'inglese' -> 'Inglese'
2026-09-09 11:38:07 New file found: 'barbaro.pdf' -> 'Barbaro'
2026-09-09 11:38:07 New directory found: 'barbaro' -> 'Barbaro'
2026-09-09 11:38:08 New file found: 'bardo+incantesimi.pdf' -> 'Bardo+incantesimi'
2026-09-09 11:38:08 New file found: 'bardo-della-sapienza.pdf' -> 'Bardo Della Sapienza'
2026-09-09 11:38:08 New file found: 'incantesimi-bardo.pdf' -> 'Incantesimi Bardo'
2026-09-09 11:38:08 New directory found: 'bardo' -> 'Bardo'
2026-09-09 11:38:08 New file found: 'chierico+incantesimi.pdf' -> 'Chierico+incantesimi'
2026-09-09 11:38:08 New file found: 'chierico.pdf' -> 'Chierico'
2026-09-09 11:38:08 New file found: 'incantesimi-chierico.pdf' -> 'Incantesimi Chierico'
2026-09-09 11:38:08 New directory found: 'chierico' -> 'Chierico'
2026-09-09 11:38:08 New file found: 'incantesimi-paladino.pdf' -> 'Incantesimi Paladino'
2026-09-09 11:38:08 New file found: 'paladino+incantesimi.pdf' -> 'Paladino+incantesimi'
2026-09-09 11:38:08 New file found: 'paladino.pdf' -> 'Paladino'
2026-09-09 11:38:08 New directory found: 'paladino' -> 'Paladino'
2026-09-09 11:38:08 New file found: 'scheda-essenziale.pdf' -> 'Scheda Essenziale'
2026-09-09 11:38:08 New file found: 'incantesimi-worlok.pdf' -> 'Incantesimi Worlok'
2026-09-09 11:38:08 New file found: 'warlock+incantesimi.pdf' -> 'Warlock+incantesimi'
2026-09-09 11:38:08 New file found: 'warlock.pdf' -> 'Warlock'
2026-09-09 11:38:09 New directory found: 'worlock' -> 'Worlock'
2026-09-09 11:38:09 New directory found: 'italiano' -> 'Italiano'
2026-09-09 11:38:09 New directory found: 'personaggi-prefatti-di-3' -> 'Personaggi Prefatti Di 3'
2026-09-09 11:38:09 Directory vuota, non indicizzata: 'profondo-blu'
2026-09-09 11:38:09 Skipping empty directory (no .md content): 'profondo-blu'
2026-09-09 11:38:09 Found 50 new file(s) and 20 new directory(ies)
2026-09-09 11:38:11 Opening editor for customization...
2026-09-09 11:39:22 Custom name set: 'dragons/barbaro-magia-selvaggia-scintilla/barbaro-magia-selvaggia-scintilla-dettagli.md' -> 'Barbaro Magia Selvaggia Scintilla Dettagli'
2026-09-09 11:39:22 Custom name set: 'personaggi-prefatti-di-3/italiano/barbaro/barbaro.pdf' -> 'Barbaro'
2026-09-09 11:39:22 Custom name set: 'dragons/ranger-cacciatore/ranger-cacciatore-dettagli.pdf' -> 'Ranger Cacciatore Dettagli'
2026-09-09 11:39:22 Custom name set: 'personaggi-prefatti-di-3/inglese/editabili/paladino-della-vendetta.pdf' -> 'Paladino Della Vendetta'
2026-09-09 11:39:22 Custom name set: 'aracockra/originale/boss.pdf' -> 'Boss'
2026-09-09 11:39:22 Custom name set: 'dragons/barbaro-magia-selvaggia-scintilla/barbaro-magia-selvaggia-scintilla.pdf' -> 'Barbaro Magia Selvaggia Scintilla'
2026-09-09 11:39:22 Custom name set: 'aracockra/città.md' -> 'Città'
2026-09-09 11:39:22 Custom name set: 'dragons/trama.md' -> 'Trama'
2026-09-09 11:39:22 Custom name set: 'personaggi-prefatti-di-3/inglese/non-editabili/paladino-della-vendetta.pdf' -> 'Paladino Della Vendetta'
2026-09-09 11:39:22 Custom name set: 'aracockra/originale/boss.md' -> 'Boss'
2026-09-09 11:39:22 Custom name set: 'dragons/barbaro-berserker/barbaro-berserker.pdf' -> 'Barbaro Berserker'
2026-09-09 11:39:22 Custom name set: 'dragons/guerriero-campione/guerriero-campione-dettagli.pdf' -> 'Guerriero Campione Dettagli'
2026-09-09 11:39:22 Custom name set: 'dragons/druido-draconico/druido-draconico-dettagli.pdf' -> 'Druido Draconico Dettagli'
2026-09-09 11:39:22 Custom name set: 'personaggi-prefatti-di-3/inglese/non-editabili/barbaro-berserker.pdf' -> 'Barbaro Berserker'
2026-09-09 11:39:22 Custom name set: 'personaggi-prefatti-di-3/italiano/paladino/paladino+incantesimi.pdf' -> 'Paladino+incantesimi'
2026-09-09 11:39:22 Custom name set: 'dragons/barbaro-magia-selvaggia-gas/barbaro-magia-selvaggia-gas-dettagli.pdf' -> 'Barbaro Magia Selvaggia Gas Dettagli'
2026-09-09 11:39:22 Custom name set: 'dragons/barbaro-magia-selvaggia-gas/barbaro-magia-selvaggia-gas.pdf' -> 'Barbaro Magia Selvaggia Gas'
2026-09-09 11:39:22 Custom name set: 'personaggi-prefatti-di-3/inglese/editabili/worlock-patto-della-lama.pdf' -> 'Worlock Patto Della Lama'
2026-09-09 11:39:22 Custom name set: 'personaggi-prefatti-di-3/italiano/worlock/incantesimi-worlok.pdf' -> 'Incantesimi Worlok'
2026-09-09 11:39:22 Custom name set: 'aracockra/originale/originale.md' -> 'Originale'
2026-09-09 11:39:22 Custom name set: 'personaggi-prefatti-di-3/inglese/editabili/chierico-della-vita.pdf' -> 'Chierico Della Vita'
2026-09-09 11:39:22 Custom name set: 'personaggi-prefatti-di-3/italiano/worlock/warlock+incantesimi.pdf' -> 'Warlock+incantesimi'
2026-09-09 11:39:23 Custom name set: 'personaggi-prefatti-di-3/italiano/bardo/bardo+incantesimi.pdf' -> 'Bardo+incantesimi'
2026-09-09 11:39:23 Custom name set: 'dragons/barbaro-berserker/barbaro-berserker-dettagli.md' -> 'Barbaro Berserker Dettagli'
2026-09-09 11:39:23 Custom name set: 'personaggi-prefatti-di-3/inglese/editabili/bardo-della-sapienza.pdf' -> 'Bardo Della Sapienza'
2026-09-09 11:39:23 Custom name set: 'dragons/druido-draconico/druido-draconico-dettagli.md' -> 'Druido Draconico Dettagli'
2026-09-09 11:39:23 Custom name set: 'personaggi-prefatti-di-3/italiano/bardo/bardo-della-sapienza.pdf' -> 'Bardo Della Sapienza'
2026-09-09 11:39:23 Custom name set: 'dragons/README.md' -> 'Readme'
2026-09-09 11:39:23 Custom name set: 'personaggi-prefatti-di-3/italiano/chierico/chierico+incantesimi.pdf' -> 'Chierico+incantesimi'
2026-09-09 11:39:23 Custom name set: 'personaggi-prefatti-di-3/italiano/chierico/incantesimi-chierico.pdf' -> 'Incantesimi Chierico'
2026-09-09 11:39:23 Custom name set: 'personaggi-prefatti-di-3/italiano/scheda-essenziale.pdf' -> 'Scheda Essenziale'
2026-09-09 11:39:23 Custom name set: 'personaggi-prefatti-di-3/italiano/paladino/incantesimi-paladino.pdf' -> 'Incantesimi Paladino'
2026-09-09 11:39:23 Custom name set: 'personaggi-prefatti-di-3/italiano/chierico/chierico.pdf' -> 'Chierico'
2026-09-09 11:39:23 Custom name set: 'personaggi-prefatti-di-3/inglese/non-editabili/bardo-della-sapienza.pdf' -> 'Bardo Della Sapienza'
2026-09-09 11:39:23 Custom name set: 'dragons/guerriero-campione/guerriero-campione.pdf' -> 'Guerriero Campione'
2026-09-09 11:39:23 Custom name set: 'personaggi-prefatti-di-3/italiano/worlock/warlock.pdf' -> 'Warlock'
2026-09-09 11:39:23 Custom name set: 'dragons/barbaro-magia-selvaggia-scintilla/barbaro-magia-selvaggia-scintilla-dettagli.pdf' -> 'Barbaro Magia Selvaggia Scintilla Dettagli'
2026-09-09 11:39:23 Custom name set: 'personaggi-prefatti-di-3/italiano/paladino/paladino.pdf' -> 'Paladino'
2026-09-09 11:39:23 Custom name set: 'dragons/barbaro-magia-selvaggia-gas/barbaro-magia-selvaggia-gas-dettagli.md' -> 'Barbaro Magia Selvaggia Gas Dettagli'
2026-09-09 11:39:23 Custom name set: 'personaggi-prefatti-di-3/inglese/non-editabili/worlock-patto-della-lama.pdf' -> 'Worlock Patto Della Lama'
2026-09-09 11:39:23 Custom name set: 'personaggi-prefatti-di-3/inglese/editabili/barbaro-berserker.pdf' -> 'Barbaro Berserker'
2026-09-09 11:39:23 Custom name set: 'dragons/barbaro-berserker/barbaro-berserker-dettagli.pdf' -> 'Barbaro Berserker Dettagli'
2026-09-09 11:39:23 Custom name set: 'dragons/guerriero-campione/guerriero-campione-dettagli.md' -> 'Guerriero Campione Dettagli'
2026-09-09 11:39:23 Custom name set: 'dragons/druido-draconico/druido-draconico.pdf' -> 'Druido Draconico'
2026-09-09 11:39:23 Custom name set: 'personaggi-prefatti-di-3/italiano/bardo/incantesimi-bardo.pdf' -> 'Incantesimi Bardo'
2026-09-09 11:39:23 Custom name set: 'dragons/boss.md' -> 'Boss'
2026-09-09 11:39:23 Custom name set: 'personaggi-prefatti-di-3/inglese/non-editabili/chierico-della-vita.pdf' -> 'Chierico Della Vita'
2026-09-09 11:39:23 Custom name set: 'dragons/ranger-cacciatore/ranger-cacciatore.pdf' -> 'Ranger Cacciatore'
2026-09-09 11:39:23 Custom name set: 'dragons/ranger-cacciatore/ranger-cacciatore-dettagli.md' -> 'Ranger Cacciatore Dettagli'
2026-09-09 11:39:23 Custom name set: 'aracockra/sequel/sequel.md' -> 'Sequel'
2026-09-09 11:39:23 Custom name set: 'personaggi-prefatti-di-3/italiano/paladino' -> 'Paladino'
2026-09-09 11:39:23 Custom name set: 'dragons/barbaro-berserker' -> 'Barbaro Berserker'
2026-09-09 11:39:23 Custom name set: 'personaggi-prefatti-di-3/italiano' -> 'Italiano'
2026-09-09 11:39:23 Custom name set: 'dragons/druido-draconico' -> 'Druido Draconico'
2026-09-09 11:39:23 Custom name set: 'dragons/barbaro-magia-selvaggia-gas' -> 'Barbaro Magia Selvaggia Gas'
2026-09-09 11:39:23 Custom name set: 'personaggi-prefatti-di-3/inglese/editabili' -> 'Editabili'
2026-09-09 11:39:23 Custom name set: 'personaggi-prefatti-di-3' -> 'Personaggi Prefatti Di 3'
2026-09-09 11:39:23 Custom name set: 'personaggi-prefatti-di-3/inglese' -> 'Inglese'
2026-09-09 11:39:23 Custom name set: 'personaggi-prefatti-di-3/inglese/non-editabili' -> 'Non Editabili'
2026-09-09 11:39:23 Custom name set: 'aracockra/originale' -> 'Originale'
2026-09-09 11:39:23 Custom name set: 'personaggi-prefatti-di-3/italiano/barbaro' -> 'Barbaro'
2026-09-09 11:39:23 Custom name set: 'dragons' -> 'Dragons'
2026-09-09 11:39:23 Custom name set: 'dragons/barbaro-magia-selvaggia-scintilla' -> 'Barbaro Magia Selvaggia Scintilla'
2026-09-09 11:39:23 Custom name set: 'personaggi-prefatti-di-3/italiano/bardo' -> 'Bardo'
2026-09-09 11:39:23 Custom name set: 'personaggi-prefatti-di-3/italiano/chierico' -> 'Chierico'
2026-09-09 11:39:23 Custom name set: 'dragons/guerriero-campione' -> 'Guerriero Campione'
2026-09-09 11:39:23 Custom name set: 'personaggi-prefatti-di-3/italiano/worlock' -> 'Worlock'
2026-09-09 11:39:23 Custom name set: 'dragons/ranger-cacciatore' -> 'Ranger Cacciatore'
2026-09-09 11:39:23 Custom name set: 'aracockra/sequel' -> 'Sequel'
2026-09-09 11:39:24 Custom name set: 'aracockra' -> 'Aracockra'
2026-09-09 11:39:24 Applying customized names...
2026-09-09 11:39:24 Second pass: Rebuilding map with custom names...
2026-09-09 11:39:24 Using custom name for 'città.md': 'Città'
2026-09-09 11:39:24 Using custom name for 'boss.md': 'Boss'
2026-09-09 11:39:24 Using custom name for 'boss.pdf': 'Boss'
2026-09-09 11:39:24 Using custom name for 'originale.md': 'Originale'
2026-09-09 11:39:24 Using custom name for directory 'originale': 'Originale'
2026-09-09 11:39:24 Using custom name for 'sequel.md': 'Sequel'
2026-09-09 11:39:24 Using custom name for directory 'sequel': 'Sequel'
2026-09-09 11:39:24 Using custom name for directory 'aracockra': 'Aracockra'
2026-09-09 11:39:24 Using custom name for 'barbaro-berserker-dettagli.md': 'Barbaro Berserker Dettagli'
2026-09-09 11:39:25 Using custom name for 'barbaro-berserker-dettagli.pdf': 'Barbaro Berserker Dettagli'
2026-09-09 11:39:25 Using custom name for 'barbaro-berserker.pdf': 'Barbaro Berserker'
2026-09-09 11:39:25 Using custom name for directory 'barbaro-berserker': 'Barbaro Berserker'
2026-09-09 11:39:25 Using custom name for 'barbaro-magia-selvaggia-gas-dettagli.md': 'Barbaro Magia Selvaggia Gas Dettagli'
2026-09-09 11:39:25 Using custom name for 'barbaro-magia-selvaggia-gas-dettagli.pdf': 'Barbaro Magia Selvaggia Gas Dettagli'
2026-09-09 11:39:25 Using custom name for 'barbaro-magia-selvaggia-gas.pdf': 'Barbaro Magia Selvaggia Gas'
2026-09-09 11:39:25 Using custom name for directory 'barbaro-magia-selvaggia-gas': 'Barbaro Magia Selvaggia Gas'
2026-09-09 11:39:25 Using custom name for 'barbaro-magia-selvaggia-scintilla-dettagli.md': 'Barbaro Magia Selvaggia Scintilla Dettagli'
2026-09-09 11:39:25 Using custom name for 'barbaro-magia-selvaggia-scintilla-dettagli.pdf': 'Barbaro Magia Selvaggia Scintilla Dettagli'
2026-09-09 11:39:25 Using custom name for 'barbaro-magia-selvaggia-scintilla.pdf': 'Barbaro Magia Selvaggia Scintilla'
2026-09-09 11:39:25 Using custom name for directory 'barbaro-magia-selvaggia-scintilla': 'Barbaro Magia Selvaggia Scintilla'
2026-09-09 11:39:25 Using custom name for 'boss.md': 'Boss'
2026-09-09 11:39:25 Using custom name for 'druido-draconico-dettagli.md': 'Druido Draconico Dettagli'
2026-09-09 11:39:25 Using custom name for 'druido-draconico-dettagli.pdf': 'Druido Draconico Dettagli'
2026-09-09 11:39:25 Using custom name for 'druido-draconico.pdf': 'Druido Draconico'
2026-09-09 11:39:25 Using custom name for directory 'druido-draconico': 'Druido Draconico'
2026-09-09 11:39:25 Using custom name for 'guerriero-campione-dettagli.md': 'Guerriero Campione Dettagli'
2026-09-09 11:39:25 Using custom name for 'guerriero-campione-dettagli.pdf': 'Guerriero Campione Dettagli'
2026-09-09 11:39:25 Using custom name for 'guerriero-campione.pdf': 'Guerriero Campione'
2026-09-09 11:39:25 Using custom name for directory 'guerriero-campione': 'Guerriero Campione'
2026-09-09 11:39:25 Using custom name for 'ranger-cacciatore-dettagli.md': 'Ranger Cacciatore Dettagli'
2026-09-09 11:39:25 Using custom name for 'ranger-cacciatore-dettagli.pdf': 'Ranger Cacciatore Dettagli'
2026-09-09 11:39:25 Using custom name for 'ranger-cacciatore.pdf': 'Ranger Cacciatore'
2026-09-09 11:39:25 Using custom name for directory 'ranger-cacciatore': 'Ranger Cacciatore'
2026-09-09 11:39:26 Using custom name for 'README.md': 'Readme'
2026-09-09 11:39:26 Using custom name for 'trama.md': 'Trama'
2026-09-09 11:39:26 Using custom name for directory 'dragons': 'Dragons'
2026-09-09 11:39:26 Using custom name for 'barbaro-berserker.pdf': 'Barbaro Berserker'
2026-09-09 11:39:26 Using custom name for 'bardo-della-sapienza.pdf': 'Bardo Della Sapienza'
2026-09-09 11:39:26 Using custom name for 'chierico-della-vita.pdf': 'Chierico Della Vita'
2026-09-09 11:39:26 Using custom name for 'paladino-della-vendetta.pdf': 'Paladino Della Vendetta'
2026-09-09 11:39:26 Using custom name for 'worlock-patto-della-lama.pdf': 'Worlock Patto Della Lama'
2026-09-09 11:39:26 Using custom name for directory 'editabili': 'Editabili'
2026-09-09 11:39:26 Directory vuota, non indicizzata: 'personaggi-prefatti-di-3/inglese/non-editabili/barbaro-berserker-(pdf.io)'
2026-09-09 11:39:26 Skipping empty directory (no .md content): 'barbaro-berserker-(pdf.io)'
2026-09-09 11:39:26 Using custom name for 'barbaro-berserker.pdf': 'Barbaro Berserker'
2026-09-09 11:39:26 Directory vuota, non indicizzata: 'personaggi-prefatti-di-3/inglese/non-editabili/bardo-della-sapienza-(pdf.io)'
2026-09-09 11:39:26 Skipping empty directory (no .md content): 'bardo-della-sapienza-(pdf.io)'
2026-09-09 11:39:26 Using custom name for 'bardo-della-sapienza.pdf': 'Bardo Della Sapienza'
2026-09-09 11:39:26 Directory vuota, non indicizzata: 'personaggi-prefatti-di-3/inglese/non-editabili/chierico-della-vita-(pdf.io)'
2026-09-09 11:39:26 Skipping empty directory (no .md content): 'chierico-della-vita-(pdf.io)'
2026-09-09 11:39:26 Using custom name for 'chierico-della-vita.pdf': 'Chierico Della Vita'
2026-09-09 11:39:26 Directory vuota, non indicizzata: 'personaggi-prefatti-di-3/inglese/non-editabili/paladino-della-vendetta-(pdf.io)'
2026-09-09 11:39:27 Skipping empty directory (no .md content): 'paladino-della-vendetta-(pdf.io)'
2026-09-09 11:39:27 Using custom name for 'paladino-della-vendetta.pdf': 'Paladino Della Vendetta'
2026-09-09 11:39:27 Directory vuota, non indicizzata: 'personaggi-prefatti-di-3/inglese/non-editabili/worlock-patto-della-lama-(pdf.io)'
2026-09-09 11:39:27 Skipping empty directory (no .md content): 'worlock-patto-della-lama-(pdf.io)'
2026-09-09 11:39:27 Using custom name for 'worlock-patto-della-lama.pdf': 'Worlock Patto Della Lama'
2026-09-09 11:39:27 Using custom name for directory 'non-editabili': 'Non Editabili'
2026-09-09 11:39:27 Using custom name for directory 'inglese': 'Inglese'
2026-09-09 11:39:27 Using custom name for 'barbaro.pdf': 'Barbaro'
2026-09-09 11:39:27 Using custom name for directory 'barbaro': 'Barbaro'
2026-09-09 11:39:27 Using custom name for 'bardo+incantesimi.pdf': 'Bardo+incantesimi'
2026-09-09 11:39:27 Using custom name for 'bardo-della-sapienza.pdf': 'Bardo Della Sapienza'
2026-09-09 11:39:27 Using custom name for 'incantesimi-bardo.pdf': 'Incantesimi Bardo'
2026-09-09 11:39:27 Using custom name for directory 'bardo': 'Bardo'
2026-09-09 11:39:27 Using custom name for 'chierico+incantesimi.pdf': 'Chierico+incantesimi'
2026-09-09 11:39:27 Using custom name for 'chierico.pdf': 'Chierico'
2026-09-09 11:39:27 Using custom name for 'incantesimi-chierico.pdf': 'Incantesimi Chierico'
2026-09-09 11:39:28 Using custom name for directory 'chierico': 'Chierico'
2026-09-09 11:39:28 Using custom name for 'incantesimi-paladino.pdf': 'Incantesimi Paladino'
2026-09-09 11:39:28 Using custom name for 'paladino+incantesimi.pdf': 'Paladino+incantesimi'
2026-09-09 11:39:28 Using custom name for 'paladino.pdf': 'Paladino'
2026-09-09 11:39:28 Using custom name for directory 'paladino': 'Paladino'
2026-09-09 11:39:28 Using custom name for 'scheda-essenziale.pdf': 'Scheda Essenziale'
2026-09-09 11:39:28 Using custom name for 'incantesimi-worlok.pdf': 'Incantesimi Worlok'
2026-09-09 11:39:28 Using custom name for 'warlock+incantesimi.pdf': 'Warlock+incantesimi'
2026-09-09 11:39:28 Using custom name for 'warlock.pdf': 'Warlock'
2026-09-09 11:39:28 Using custom name for directory 'worlock': 'Worlock'
2026-09-09 11:39:28 Using custom name for directory 'italiano': 'Italiano'
2026-09-09 11:39:28 Using custom name for directory 'personaggi-prefatti-di-3': 'Personaggi Prefatti Di 3'
2026-09-09 11:39:28 Directory vuota, non indicizzata: 'profondo-blu'
2026-09-09 11:39:28 Skipping empty directory (no .md content): 'profondo-blu'
2026-09-09 11:39:29 Map updated at /mnt/c/Users/RickyMandich/PROJECT/oneshot/.normalize/map.json
2026-09-09 11:39:29 Map update complete. No files were renamed.
